lab: settling the leaders
sending "activate 7" as 0fb90138-7136-4a55-8658-8a33cf39464d
accepted: Applied { version: 12 }
lab: heat for 60s
lab | size=4096 depth=32 | heat | 1181/s p50 25330 µs p99 70582 µs | syncs a write 3.86 | wait p50 1 µs | drain 9 ms
lab | size=4096 depth=32 | row | 3017/s p50 10166 µs p99 18776 µs | syncs a write 0.91 | wait p50 1 µs | drain 0 ms
lab | size=4096 depth=32 | staged | 1256/s p50 25018 µs p99 38044 µs | syncs a write 3.86 | wait p50 1 µs | drain 3 ms
lab | size=4096 depth=32 | inline | 1852/s p50 17187 µs p99 28852 µs | syncs a write 2.31 | wait p50 1 µs | drain 3 ms
lab | size=8192 depth=32 | row | 2800/s p50 10895 µs p99 21021 µs | syncs a write 0.95 | wait p50 1 µs | drain 0 ms
lab | size=8192 depth=32 | staged | 1213/s p50 25887 µs p99 38666 µs | syncs a write 3.90 | wait p50 1 µs | drain 5 ms
lab | size=8192 depth=32 | inline | 1621/s p50 18760 µs p99 49316 µs | syncs a write 2.39 | wait p50 1 µs | drain 13 ms
lab | size=16384 depth=32 | row | 2259/s p50 12935 µs p99 31572 µs | syncs a write 1.08 | wait p50 1 µs | drain 0 ms
lab | size=16384 depth=32 | staged | 1006/s p50 28590 µs p99 86049 µs | syncs a write 4.12 | wait p50 1 µs | drain 16 ms
lab | size=16384 depth=32 | inline | 1172/s p50 23282 µs p99 77267 µs | syncs a write 2.64 | wait p50 1 µs | drain 10 ms
lab | size=32768 depth=32 | row | 1445/s p50 20398 µs p99 53248 µs | syncs a write 1.39 | wait p50 1 µs | drain 0 ms
lab | size=32768 depth=32 | staged | 739/s p50 34865 µs p99 106889 µs | syncs a write 4.40 | wait p50 2 µs | drain 12 ms
lab | size=32768 depth=32 | inline | 811/s p50 33145 µs p99 104071 µs | syncs a write 3.00 | wait p50 1 µs | drain 22 ms
lab | size=65536 depth=32 | row | 836/s p50 36897 µs p99 78316 µs | syncs a write 1.73 | wait p50 1 µs | drain 0 ms
lab | size=65536 depth=32 | staged | 531/s p50 49906 µs p99 124387 µs | syncs a write 5.07 | wait p50 2 µs | drain 12 ms
lab | size=65536 depth=32 | inline | 540/s p50 52199 µs p99 137626 µs | syncs a write 3.47 | wait p50 2 µs | drain 15 ms
lab | size=131072 depth=32 | row | 441/s p50 67830 µs p99 168034 µs | syncs a write 2.00 | wait p50 1 µs | drain 0 ms
lab | size=131072 depth=32 | staged | 354/s p50 85328 µs p99 154534 µs | syncs a write 6.36 | wait p50 3 µs | drain 20 ms
lab | size=131072 depth=32 | inline | 341/s p50 91750 µs p99 187171 µs | syncs a write 3.97 | wait p50 2 µs | drain 18 ms
lab | size=262144 depth=32 | row | 223/s p50 127599 µs p99 379322 µs | syncs a write 2.38 | wait p50 1 µs | drain 0 ms
lab | size=262144 depth=32 | staged | 214/s p50 145359 µs p99 227279 µs | syncs a write 8.38 | wait p50 3 µs | drain 8 ms
lab | size=262144 depth=32 | inline | 201/s p50 150471 µs p99 391381 µs | syncs a write 4.40 | wait p50 3 µs | drain 23 ms
