lab: settling the leaders
sending "activate 7" as 50cf50d4-ade3-45de-9540-48c510c7ff5b
accepted: Applied { version: 12 }
lab: heat for 60s
lab | size=4096 depth=32 | heat | 1144/s p50 25887 µs p99 76087 µs | syncs a write 4.39 | wait p50 1 µs | drain 15 ms
lab | size=262144 depth=32 | inline | 209/s p50 151257 µs p99 320602 µs | syncs a write 5.02 | wait p50 2 µs | drain 13 ms
lab | size=262144 depth=32 | staged | 214/s p50 145359 µs p99 228327 µs | syncs a write 8.81 | wait p50 3 µs | drain 14 ms
lab | size=262144 depth=32 | row | 224/s p50 115999 µs p99 420479 µs | syncs a write 2.82 | wait p50 1 µs | drain 0 ms
lab | size=131072 depth=32 | inline | 354/s p50 88539 µs p99 181535 µs | syncs a write 4.63 | wait p50 2 µs | drain 11 ms
lab | size=131072 depth=32 | staged | 358/s p50 85721 µs p99 156107 µs | syncs a write 6.74 | wait p50 3 µs | drain 14 ms
lab | size=131072 depth=32 | row | 442/s p50 71172 µs p99 160301 µs | syncs a write 2.62 | wait p50 1 µs | drain 0 ms
lab | size=65536 depth=32 | inline | 547/s p50 51544 µs p99 136184 µs | syncs a write 3.90 | wait p50 1 µs | drain 15 ms
lab | size=65536 depth=32 | staged | 522/s p50 51151 µs p99 128844 µs | syncs a write 5.46 | wait p50 2 µs | drain 16 ms
lab | size=65536 depth=32 | row | 823/s p50 37782 µs p99 78447 µs | syncs a write 2.14 | wait p50 1 µs | drain 0 ms
lab | size=32768 depth=32 | inline | 822/s p50 32834 µs p99 102498 µs | syncs a write 3.30 | wait p50 1 µs | drain 10 ms
lab | size=32768 depth=32 | staged | 737/s p50 34931 µs p99 110232 µs | syncs a write 4.84 | wait p50 2 µs | drain 19 ms
lab | size=32768 depth=32 | row | 1393/s p50 20939 µs p99 57377 µs | syncs a write 1.63 | wait p50 1 µs | drain 0 ms
lab | size=16384 depth=32 | inline | 1197/s p50 22757 µs p99 75497 µs | syncs a write 2.84 | wait p50 1 µs | drain 15 ms
lab | size=16384 depth=32 | staged | 999/s p50 28721 µs p99 93716 µs | syncs a write 4.58 | wait p50 1 µs | drain 20 ms
lab | size=16384 depth=32 | row | 2064/s p50 13918 µs p99 36995 µs | syncs a write 1.30 | wait p50 1 µs | drain 0 ms
lab | size=8192 depth=32 | inline | 1637/s p50 18039 µs p99 54919 µs | syncs a write 2.63 | wait p50 1 µs | drain 14 ms
lab | size=8192 depth=32 | staged | 1179/s p50 26509 µs p99 42631 µs | syncs a write 4.44 | wait p50 1 µs | drain 7 ms
lab | size=8192 depth=32 | row | 2694/s p50 11272 µs p99 23249 µs | syncs a write 1.12 | wait p50 1 µs | drain 0 ms
lab | size=4096 depth=32 | inline | 1941/s p50 16335 µs p99 28754 µs | syncs a write 2.51 | wait p50 1 µs | drain 6 ms
lab | size=4096 depth=32 | staged | 1224/s p50 25608 µs p99 40927 µs | syncs a write 4.42 | wait p50 1 µs | drain 5 ms
lab | size=4096 depth=32 | row | 2957/s p50 10346 µs p99 18858 µs | syncs a write 1.07 | wait p50 1 µs | drain 0 ms
