lab: settling the leaders
sending "activate 7" as ff8bb817-1285-43f6-bc2e-88fb4b8fe936
accepted: Applied { version: 12 }
lab: heat for 60s
lab | size=4096 depth=32 | heat | 1153/s p50 25788 µs p99 73269 µs | syncs a write 4.40 | wait p50 1 µs | drain 11 ms
lab | size=262144 depth=32 | inline | 207/s p50 151257 µs p99 345768 µs | syncs a write 5.07 | wait p50 2 µs | drain 19 ms
lab | size=262144 depth=32 | staged | 214/s p50 144966 µs p99 230949 µs | syncs a write 8.70 | wait p50 3 µs | drain 17 ms
lab | size=262144 depth=32 | row | 223/s p50 104792 µs p99 484704 µs | syncs a write 2.80 | wait p50 1 µs | drain 0 ms
lab | size=131072 depth=32 | inline | 349/s p50 89850 µs p99 194511 µs | syncs a write 4.68 | wait p50 2 µs | drain 17 ms
lab | size=131072 depth=32 | staged | 358/s p50 85787 µs p99 157680 µs | syncs a write 6.71 | wait p50 3 µs | drain 18 ms
lab | size=131072 depth=32 | row | 440/s p50 70320 µs p99 157417 µs | syncs a write 2.41 | wait p50 1 µs | drain 0 ms
lab | size=65536 depth=32 | inline | 556/s p50 50856 µs p99 133956 µs | syncs a write 3.92 | wait p50 1 µs | drain 18 ms
lab | size=65536 depth=32 | staged | 522/s p50 50758 µs p99 126550 µs | syncs a write 5.41 | wait p50 2 µs | drain 13 ms
lab | size=65536 depth=32 | row | 820/s p50 37880 µs p99 79167 µs | syncs a write 2.14 | wait p50 1 µs | drain 0 ms
lab | size=32768 depth=32 | inline | 822/s p50 32702 µs p99 103481 µs | syncs a write 3.29 | wait p50 1 µs | drain 12 ms
lab | size=32768 depth=32 | staged | 727/s p50 34898 µs p99 113181 µs | syncs a write 4.84 | wait p50 2 µs | drain 12 ms
lab | size=32768 depth=32 | row | 1396/s p50 21185 µs p99 54854 µs | syncs a write 1.65 | wait p50 1 µs | drain 0 ms
lab | size=16384 depth=32 | inline | 1191/s p50 22643 µs p99 77332 µs | syncs a write 2.86 | wait p50 1 µs | drain 10 ms
lab | size=16384 depth=32 | staged | 997/s p50 28836 µs p99 93389 µs | syncs a write 4.59 | wait p50 1 µs | drain 9 ms
lab | size=16384 depth=32 | row | 2146/s p50 13599 µs p99 34144 µs | syncs a write 1.31 | wait p50 1 µs | drain 0 ms
lab | size=8192 depth=32 | inline | 1646/s p50 18153 µs p99 51315 µs | syncs a write 2.64 | wait p50 1 µs | drain 7 ms
lab | size=8192 depth=32 | staged | 1184/s p50 26378 µs p99 41910 µs | syncs a write 4.44 | wait p50 1 µs | drain 5 ms
lab | size=8192 depth=32 | row | 2694/s p50 11346 µs p99 22168 µs | syncs a write 1.14 | wait p50 1 µs | drain 0 ms
lab | size=4096 depth=32 | inline | 1938/s p50 16286 µs p99 28590 µs | syncs a write 2.50 | wait p50 1 µs | drain 5 ms
lab | size=4096 depth=32 | staged | 1231/s p50 25461 µs p99 40600 µs | syncs a write 4.39 | wait p50 1 µs | drain 5 ms
lab | size=4096 depth=32 | row | 2916/s p50 10519 µs p99 18727 µs | syncs a write 1.10 | wait p50 1 µs | drain 0 ms
