fio europa /optane/shoal-x3 65536: 2353 MiB/s
fio titan /xfs/shoal-x3 65536: 723 MiB/s
fio hyperion /xfs/shoal-x3 65536: 722 MiB/s
fio europa /optane/shoal-x3 262144: 2347 MiB/s
fio titan /xfs/shoal-x3 262144: 663 MiB/s
fio hyperion /xfs/shoal-x3 262144: 712 MiB/s
fio europa /optane/shoal-x3 1048576: 2427 MiB/s
fio titan /xfs/shoal-x3 1048576: 672 MiB/s
fio hyperion /xfs/shoal-x3 1048576: 681 MiB/s
fio europa /optane/shoal-x3 4194304: 2457 MiB/s
fio titan /xfs/shoal-x3 4194304: 680 MiB/s
fio hyperion /xfs/shoal-x3 4194304: 660 MiB/s
fio titan /x3-archives/shoal-x3 65536: 662 MiB/s
fio hyperion /x3-archives/shoal-x3 65536: 660 MiB/s
fio titan /x3-archives/shoal-x3 262144: 656 MiB/s
fio hyperion /x3-archives/shoal-x3 262144: 664 MiB/s
fio titan /x3-archives/shoal-x3 1048576: 655 MiB/s
fio hyperion /x3-archives/shoal-x3 1048576: 660 MiB/s
fio titan /x3-archives/shoal-x3 4194304: 662 MiB/s
fio hyperion /x3-archives/shoal-x3 4194304: 660 MiB/s
