fio titan /xfs/shoal-x3 65536: 719 MiB/s
fio hyperion /xfs/shoal-x3 65536: 720 MiB/s
fio europa /optane/shoal-x3 65536: 2479 MiB/s
fio titan /xfs/shoal-x3 262144: 661 MiB/s
fio europa /optane/shoal-x3 262144: 2490 MiB/s
fio hyperion /xfs/shoal-x3 262144: 702 MiB/s
fio europa /optane/shoal-x3 1048576: 2496 MiB/s
fio titan /xfs/shoal-x3 1048576: 669 MiB/s
fio hyperion /xfs/shoal-x3 1048576: 673 MiB/s
fio europa /optane/shoal-x3 4194304: 2475 MiB/s
fio titan /xfs/shoal-x3 4194304: 665 MiB/s
fio hyperion /xfs/shoal-x3 4194304: 660 MiB/s
fio titan /x3-archives/shoal-x3 65536: 660 MiB/s
fio hyperion /x3-archives/shoal-x3 65536: 656 MiB/s
fio titan /x3-archives/shoal-x3 262144: 661 MiB/s
fio hyperion /x3-archives/shoal-x3 262144: 660 MiB/s
fio titan /x3-archives/shoal-x3 1048576: 660 MiB/s
fio hyperion /x3-archives/shoal-x3 1048576: 663 MiB/s
fio titan /x3-archives/shoal-x3 4194304: 661 MiB/s
fio hyperion /x3-archives/shoal-x3 4194304: 657 MiB/s
