fio europa /optane/shoal-x3 65536: 2400 MiB/s
fio titan /xfs/shoal-x3 65536: 725 MiB/s
fio hyperion /xfs/shoal-x3 65536: 724 MiB/s
fio europa /optane/shoal-x3 262144: 2391 MiB/s
fio titan /xfs/shoal-x3 262144: 662 MiB/s
fio hyperion /xfs/shoal-x3 262144: 706 MiB/s
fio europa /optane/shoal-x3 1048576: 2384 MiB/s
fio titan /xfs/shoal-x3 1048576: 666 MiB/s
fio hyperion /xfs/shoal-x3 1048576: 679 MiB/s
fio europa /optane/shoal-x3 4194304: 2373 MiB/s
fio titan /xfs/shoal-x3 4194304: 661 MiB/s
fio hyperion /xfs/shoal-x3 4194304: 662 MiB/s
fio titan /x3-archives/shoal-x3 65536: 662 MiB/s
fio hyperion /x3-archives/shoal-x3 65536: 661 MiB/s
fio titan /x3-archives/shoal-x3 262144: 659 MiB/s
fio hyperion /x3-archives/shoal-x3 262144: 660 MiB/s
fio titan /x3-archives/shoal-x3 1048576: 659 MiB/s
fio hyperion /x3-archives/shoal-x3 1048576: 667 MiB/s
fio titan /x3-archives/shoal-x3 4194304: 661 MiB/s
fio hyperion /x3-archives/shoal-x3 4194304: 660 MiB/s
