fio europa /optane/shoal-x3 65536: 2489 MiB/s
fio titan /xfs/shoal-x3 65536: 725 MiB/s
fio hyperion /xfs/shoal-x3 65536: 723 MiB/s
fio europa /optane/shoal-x3 262144: 2490 MiB/s
fio titan /xfs/shoal-x3 262144: 662 MiB/s
fio hyperion /xfs/shoal-x3 262144: 709 MiB/s
fio europa /optane/shoal-x3 1048576: 2496 MiB/s
fio titan /xfs/shoal-x3 1048576: 665 MiB/s
fio hyperion /xfs/shoal-x3 1048576: 682 MiB/s
fio europa /optane/shoal-x3 4194304: 2488 MiB/s
fio titan /xfs/shoal-x3 4194304: 667 MiB/s
fio hyperion /xfs/shoal-x3 4194304: 660 MiB/s
fio titan /x3-archives/shoal-x3 65536: 658 MiB/s
fio hyperion /x3-archives/shoal-x3 65536: 657 MiB/s
fio titan /x3-archives/shoal-x3 262144: 661 MiB/s
fio hyperion /x3-archives/shoal-x3 262144: 661 MiB/s
fio titan /x3-archives/shoal-x3 1048576: 662 MiB/s
fio hyperion /x3-archives/shoal-x3 1048576: 665 MiB/s
fio titan /x3-archives/shoal-x3 4194304: 659 MiB/s
fio hyperion /x3-archives/shoal-x3 4194304: 674 MiB/s
